// Jest Snapshot v1, https://goo.gl/fbAQLP

exports[`<App /> renders correctly 1`] = `
<div>
  <h1>
    Hello world!
  </h1>
  <button
    onClick={[Function]}
  >
    click to fetch station info
  </button>
</div>
`;
